Listening on [192.168.1.157] (family 0, port 10022)
