Listening on [192.168.1.100] (family 0, port 22)
Connection from 192.168.1.219 58034 received!
hi
ok
end
ÿôÿý
ÿôÿý
e

Connection from _gateway 49396 received!
lk
ls
l
